Turbo Assembler	 Version 2.51	     12/10/15 12:20:56	    Page 1
map1.ASM



      1	0000			     .model small
      2	0000			     .data
      3					     org 100h
      4	0100  0A0D 4241	4142 0D0A +	     mesaj dw 0A0Dh, 'BA', 'AB', 0D0Ah,	'$'
      5	      0024
      6	      =	000A			     lung_mes equ $-mesaj
      7	010A  30 31 32 33 34 35	36+	     sir db '0123456789', '$'
      8	      37 38 39 24
      9	0115  000B			     lung_sir dw $-sir
     10	0117  05*(AA55)			     config dw 5 dup(0AA55h)
     11	0121  010Ar			     adr_sir dw	sir
     12	0123  02*		  +	     v dq 2 dup	(0AABBCCDDEEFF0h)
     13	      (000AABBCCDDEEFF0)
     14	0133  03*		  +	     vbcd dt 3 dup(5544332211)
     15	      (00000000005544332211
     16	      )
     17	0151  00000133sr		     adr_vbcd dd vbcd
     18	0155  0A*(71)			     vect db 0Ah dup(71h)
     19	0000			     .stack
     20	015F			     .code
     21				     end
Turbo Assembler	 Version 2.51	     12/10/15 12:20:56	    Page 2
Symbol Table




Symbol Name			  Type	 Value

??DATE				  Text	 "12/10/15"
??FILENAME			  Text	 "map1	  "
??TIME				  Text	 "12:20:56"
??VERSION			  Number 0205
@CODE				  Text	 _TEXT
@CODESIZE			  Text	 0
@CPU				  Text	 0101H
@CURSEG				  Text	 _TEXT
@DATA				  Text	 DGROUP
@DATASIZE			  Text	 0
@FILENAME			  Text	 MAP1
@MODEL				  Text	 2
@WORDSIZE			  Text	 2
ADR_SIR				  Word	 DGROUP:0121
ADR_VBCD			  Dword	 DGROUP:0151
CONFIG				  Word	 DGROUP:0117
LUNG_MES			  Number 000A
LUNG_SIR			  Word	 DGROUP:0115
MESAJ				  Word	 DGROUP:0100
SIR				  Byte	 DGROUP:010A
V				  Qword	 DGROUP:0123
VBCD				  Tbyte	 DGROUP:0133
VECT				  Byte	 DGROUP:0155

Groups & Segments		  Bit Size Align  Combine Class

DGROUP				  Group
  STACK				  16  0400 Para	  Stack	  STACK
  _DATA				  16  015F Word	  Public  DATA
_TEXT				  16  0000 Word	  Public  CODE
